Reading netlist file: "C:\Users\haris\Documents\EEC\Year_4\Sem_7\final-yr-project\development\AgentGateV_MAC_Engine_Project\impl\gwsynthesis\AGVME_Synthesis.vg"
Parsing netlist file "C:\Users\haris\Documents\EEC\Year_4\Sem_7\final-yr-project\development\AgentGateV_MAC_Engine_Project\impl\gwsynthesis\AGVME_Synthesis.vg" completed
WARN  (PA1001) : Dangling net 'DO[16]'(source:'mem_mem_0_0_s') in module 'bsram_pingpong' has no destination
WARN  (PA1001) : Dangling net 'DO[17]'(source:'mem_mem_0_0_s') in module 'bsram_pingpong' has no destination
WARN  (PA1001) : Dangling net 'DO[18]'(source:'mem_mem_0_0_s') in module 'bsram_pingpong' has no destination
WARN  (PA1001) : Dangling net 'DO[19]'(source:'mem_mem_0_0_s') in module 'bsram_pingpong' has no destination
WARN  (PA1001) : Dangling net 'DO[20]'(source:'mem_mem_0_0_s') in module 'bsram_pingpong' has no destination
WARN  (PA1001) : Dangling net 'DO[21]'(source:'mem_mem_0_0_s') in module 'bsram_pingpong' has no destination
WARN  (PA1001) : Dangling net 'DO[22]'(source:'mem_mem_0_0_s') in module 'bsram_pingpong' has no destination
WARN  (PA1001) : Dangling net 'DO[23]'(source:'mem_mem_0_0_s') in module 'bsram_pingpong' has no destination
WARN  (PA1001) : Dangling net 'DO[24]'(source:'mem_mem_0_0_s') in module 'bsram_pingpong' has no destination
WARN  (PA1001) : Dangling net 'DO[25]'(source:'mem_mem_0_0_s') in module 'bsram_pingpong' has no destination
WARN  (PA1001) : Dangling net 'DO[26]'(source:'mem_mem_0_0_s') in module 'bsram_pingpong' has no destination
WARN  (PA1001) : Dangling net 'DO[27]'(source:'mem_mem_0_0_s') in module 'bsram_pingpong' has no destination
WARN  (PA1001) : Dangling net 'DO[28]'(source:'mem_mem_0_0_s') in module 'bsram_pingpong' has no destination
WARN  (PA1001) : Dangling net 'DO[29]'(source:'mem_mem_0_0_s') in module 'bsram_pingpong' has no destination
WARN  (PA1001) : Dangling net 'DO[30]'(source:'mem_mem_0_0_s') in module 'bsram_pingpong' has no destination
WARN  (PA1001) : Dangling net 'DO[31]'(source:'mem_mem_0_0_s') in module 'bsram_pingpong' has no destination
WARN  (PA1001) : Dangling net 'DO_0[16]'(source:'mem_mem_0_1_s') in module 'bsram_pingpong' has no destination
WARN  (PA1001) : Dangling net 'DO_0[17]'(source:'mem_mem_0_1_s') in module 'bsram_pingpong' has no destination
WARN  (PA1001) : Dangling net 'DO_0[18]'(source:'mem_mem_0_1_s') in module 'bsram_pingpong' has no destination
WARN  (PA1001) : Dangling net 'DO_0[19]'(source:'mem_mem_0_1_s') in module 'bsram_pingpong' has no destination
WARN  (PA1001) : Dangling net 'DO_0[20]'(source:'mem_mem_0_1_s') in module 'bsram_pingpong' has no destination
WARN  (PA1001) : Dangling net 'DO_0[21]'(source:'mem_mem_0_1_s') in module 'bsram_pingpong' has no destination
WARN  (PA1001) : Dangling net 'DO_0[22]'(source:'mem_mem_0_1_s') in module 'bsram_pingpong' has no destination
WARN  (PA1001) : Dangling net 'DO_0[23]'(source:'mem_mem_0_1_s') in module 'bsram_pingpong' has no destination
WARN  (PA1001) : Dangling net 'DO_0[24]'(source:'mem_mem_0_1_s') in module 'bsram_pingpong' has no destination
WARN  (PA1001) : Dangling net 'DO_0[25]'(source:'mem_mem_0_1_s') in module 'bsram_pingpong' has no destination
WARN  (PA1001) : Dangling net 'DO_0[26]'(source:'mem_mem_0_1_s') in module 'bsram_pingpong' has no destination
WARN  (PA1001) : Dangling net 'DO_0[27]'(source:'mem_mem_0_1_s') in module 'bsram_pingpong' has no destination
WARN  (PA1001) : Dangling net 'DO_0[28]'(source:'mem_mem_0_1_s') in module 'bsram_pingpong' has no destination
WARN  (PA1001) : Dangling net 'DO_0[29]'(source:'mem_mem_0_1_s') in module 'bsram_pingpong' has no destination
WARN  (PA1001) : Dangling net 'DO_0[30]'(source:'mem_mem_0_1_s') in module 'bsram_pingpong' has no destination
WARN  (PA1001) : Dangling net 'DO_0[31]'(source:'mem_mem_0_1_s') in module 'bsram_pingpong' has no destination
WARN  (PA1001) : Dangling net 'DO_1[16]'(source:'mem_mem_0_2_s') in module 'bsram_pingpong' has no destination
WARN  (PA1001) : Dangling net 'DO_1[17]'(source:'mem_mem_0_2_s') in module 'bsram_pingpong' has no destination
WARN  (PA1001) : Dangling net 'DO_1[18]'(source:'mem_mem_0_2_s') in module 'bsram_pingpong' has no destination
WARN  (PA1001) : Dangling net 'DO_1[19]'(source:'mem_mem_0_2_s') in module 'bsram_pingpong' has no destination
WARN  (PA1001) : Dangling net 'DO_1[20]'(source:'mem_mem_0_2_s') in module 'bsram_pingpong' has no destination
WARN  (PA1001) : Dangling net 'DO_1[21]'(source:'mem_mem_0_2_s') in module 'bsram_pingpong' has no destination
WARN  (PA1001) : Dangling net 'DO_1[22]'(source:'mem_mem_0_2_s') in module 'bsram_pingpong' has no destination
WARN  (PA1001) : Dangling net 'DO_1[23]'(source:'mem_mem_0_2_s') in module 'bsram_pingpong' has no destination
WARN  (PA1001) : Dangling net 'DO_1[24]'(source:'mem_mem_0_2_s') in module 'bsram_pingpong' has no destination
WARN  (PA1001) : Dangling net 'DO_1[25]'(source:'mem_mem_0_2_s') in module 'bsram_pingpong' has no destination
WARN  (PA1001) : Dangling net 'DO_1[26]'(source:'mem_mem_0_2_s') in module 'bsram_pingpong' has no destination
WARN  (PA1001) : Dangling net 'DO_1[27]'(source:'mem_mem_0_2_s') in module 'bsram_pingpong' has no destination
WARN  (PA1001) : Dangling net 'DO_1[28]'(source:'mem_mem_0_2_s') in module 'bsram_pingpong' has no destination
WARN  (PA1001) : Dangling net 'DO_1[29]'(source:'mem_mem_0_2_s') in module 'bsram_pingpong' has no destination
WARN  (PA1001) : Dangling net 'DO_1[30]'(source:'mem_mem_0_2_s') in module 'bsram_pingpong' has no destination
WARN  (PA1001) : Dangling net 'DO_1[31]'(source:'mem_mem_0_2_s') in module 'bsram_pingpong' has no destination
WARN  (PA1001) : Dangling net 'DO_2[16]'(source:'mem_mem_0_3_s') in module 'bsram_pingpong' has no destination
WARN  (PA1001) : Dangling net 'DO_2[17]'(source:'mem_mem_0_3_s') in module 'bsram_pingpong' has no destination
WARN  (PA1001) : Dangling net 'DO_2[18]'(source:'mem_mem_0_3_s') in module 'bsram_pingpong' has no destination
WARN  (PA1001) : Dangling net 'DO_2[19]'(source:'mem_mem_0_3_s') in module 'bsram_pingpong' has no destination
WARN  (PA1001) : Dangling net 'DO_2[20]'(source:'mem_mem_0_3_s') in module 'bsram_pingpong' has no destination
WARN  (PA1001) : Dangling net 'DO_2[21]'(source:'mem_mem_0_3_s') in module 'bsram_pingpong' has no destination
WARN  (PA1001) : Dangling net 'DO_2[22]'(source:'mem_mem_0_3_s') in module 'bsram_pingpong' has no destination
WARN  (PA1001) : Dangling net 'DO_2[23]'(source:'mem_mem_0_3_s') in module 'bsram_pingpong' has no destination
WARN  (PA1001) : Dangling net 'DO_2[24]'(source:'mem_mem_0_3_s') in module 'bsram_pingpong' has no destination
WARN  (PA1001) : Dangling net 'DO_2[25]'(source:'mem_mem_0_3_s') in module 'bsram_pingpong' has no destination
WARN  (PA1001) : Dangling net 'DO_2[26]'(source:'mem_mem_0_3_s') in module 'bsram_pingpong' has no destination
WARN  (PA1001) : Dangling net 'DO_2[27]'(source:'mem_mem_0_3_s') in module 'bsram_pingpong' has no destination
WARN  (PA1001) : Dangling net 'DO_2[28]'(source:'mem_mem_0_3_s') in module 'bsram_pingpong' has no destination
WARN  (PA1001) : Dangling net 'DO_2[29]'(source:'mem_mem_0_3_s') in module 'bsram_pingpong' has no destination
WARN  (PA1001) : Dangling net 'DO_2[30]'(source:'mem_mem_0_3_s') in module 'bsram_pingpong' has no destination
WARN  (PA1001) : Dangling net 'DO_2[31]'(source:'mem_mem_0_3_s') in module 'bsram_pingpong' has no destination
WARN  (PA1001) : Dangling net 'DO[16]'(source:'mem_mem_0_0_s') in module 'bsram_pingpong_0' has no destination
WARN  (PA1001) : Dangling net 'DO[17]'(source:'mem_mem_0_0_s') in module 'bsram_pingpong_0' has no destination
WARN  (PA1001) : Dangling net 'DO[18]'(source:'mem_mem_0_0_s') in module 'bsram_pingpong_0' has no destination
WARN  (PA1001) : Dangling net 'DO[19]'(source:'mem_mem_0_0_s') in module 'bsram_pingpong_0' has no destination
WARN  (PA1001) : Dangling net 'DO[20]'(source:'mem_mem_0_0_s') in module 'bsram_pingpong_0' has no destination
WARN  (PA1001) : Dangling net 'DO[21]'(source:'mem_mem_0_0_s') in module 'bsram_pingpong_0' has no destination
WARN  (PA1001) : Dangling net 'DO[22]'(source:'mem_mem_0_0_s') in module 'bsram_pingpong_0' has no destination
WARN  (PA1001) : Dangling net 'DO[23]'(source:'mem_mem_0_0_s') in module 'bsram_pingpong_0' has no destination
WARN  (PA1001) : Dangling net 'DO[24]'(source:'mem_mem_0_0_s') in module 'bsram_pingpong_0' has no destination
WARN  (PA1001) : Dangling net 'DO[25]'(source:'mem_mem_0_0_s') in module 'bsram_pingpong_0' has no destination
WARN  (PA1001) : Dangling net 'DO[26]'(source:'mem_mem_0_0_s') in module 'bsram_pingpong_0' has no destination
WARN  (PA1001) : Dangling net 'DO[27]'(source:'mem_mem_0_0_s') in module 'bsram_pingpong_0' has no destination
WARN  (PA1001) : Dangling net 'DO[28]'(source:'mem_mem_0_0_s') in module 'bsram_pingpong_0' has no destination
WARN  (PA1001) : Dangling net 'DO[29]'(source:'mem_mem_0_0_s') in module 'bsram_pingpong_0' has no destination
WARN  (PA1001) : Dangling net 'DO[30]'(source:'mem_mem_0_0_s') in module 'bsram_pingpong_0' has no destination
WARN  (PA1001) : Dangling net 'DO[31]'(source:'mem_mem_0_0_s') in module 'bsram_pingpong_0' has no destination
WARN  (PA1001) : Dangling net 'DO_0[16]'(source:'mem_mem_0_1_s') in module 'bsram_pingpong_0' has no destination
WARN  (PA1001) : Dangling net 'DO_0[17]'(source:'mem_mem_0_1_s') in module 'bsram_pingpong_0' has no destination
WARN  (PA1001) : Dangling net 'DO_0[18]'(source:'mem_mem_0_1_s') in module 'bsram_pingpong_0' has no destination
WARN  (PA1001) : Dangling net 'DO_0[19]'(source:'mem_mem_0_1_s') in module 'bsram_pingpong_0' has no destination
WARN  (PA1001) : Dangling net 'DO_0[20]'(source:'mem_mem_0_1_s') in module 'bsram_pingpong_0' has no destination
WARN  (PA1001) : Dangling net 'DO_0[21]'(source:'mem_mem_0_1_s') in module 'bsram_pingpong_0' has no destination
WARN  (PA1001) : Dangling net 'DO_0[22]'(source:'mem_mem_0_1_s') in module 'bsram_pingpong_0' has no destination
WARN  (PA1001) : Dangling net 'DO_0[23]'(source:'mem_mem_0_1_s') in module 'bsram_pingpong_0' has no destination
WARN  (PA1001) : Dangling net 'DO_0[24]'(source:'mem_mem_0_1_s') in module 'bsram_pingpong_0' has no destination
WARN  (PA1001) : Dangling net 'DO_0[25]'(source:'mem_mem_0_1_s') in module 'bsram_pingpong_0' has no destination
WARN  (PA1001) : Dangling net 'DO_0[26]'(source:'mem_mem_0_1_s') in module 'bsram_pingpong_0' has no destination
WARN  (PA1001) : Dangling net 'DO_0[27]'(source:'mem_mem_0_1_s') in module 'bsram_pingpong_0' has no destination
WARN  (PA1001) : Dangling net 'DO_0[28]'(source:'mem_mem_0_1_s') in module 'bsram_pingpong_0' has no destination
WARN  (PA1001) : Dangling net 'DO_0[29]'(source:'mem_mem_0_1_s') in module 'bsram_pingpong_0' has no destination
WARN  (PA1001) : Dangling net 'DO_0[30]'(source:'mem_mem_0_1_s') in module 'bsram_pingpong_0' has no destination
WARN  (PA1001) : Dangling net 'DO_0[31]'(source:'mem_mem_0_1_s') in module 'bsram_pingpong_0' has no destination
WARN  (PA1001) : Dangling net 'DO_1[16]'(source:'mem_mem_0_2_s') in module 'bsram_pingpong_0' has no destination
WARN  (PA1001) : Dangling net 'DO_1[17]'(source:'mem_mem_0_2_s') in module 'bsram_pingpong_0' has no destination
WARN  (PA1001) : Dangling net 'DO_1[18]'(source:'mem_mem_0_2_s') in module 'bsram_pingpong_0' has no destination
WARN  (PA1001) : Dangling net 'DO_1[19]'(source:'mem_mem_0_2_s') in module 'bsram_pingpong_0' has no destination
WARN  (PA1001) : Dangling net 'DO_1[20]'(source:'mem_mem_0_2_s') in module 'bsram_pingpong_0' has no destination
WARN  (PA1001) : Dangling net 'DO_1[21]'(source:'mem_mem_0_2_s') in module 'bsram_pingpong_0' has no destination
WARN  (PA1001) : Dangling net 'DO_1[22]'(source:'mem_mem_0_2_s') in module 'bsram_pingpong_0' has no destination
WARN  (PA1001) : Dangling net 'DO_1[23]'(source:'mem_mem_0_2_s') in module 'bsram_pingpong_0' has no destination
WARN  (PA1001) : Dangling net 'DO_1[24]'(source:'mem_mem_0_2_s') in module 'bsram_pingpong_0' has no destination
WARN  (PA1001) : Dangling net 'DO_1[25]'(source:'mem_mem_0_2_s') in module 'bsram_pingpong_0' has no destination
WARN  (PA1001) : Dangling net 'DO_1[26]'(source:'mem_mem_0_2_s') in module 'bsram_pingpong_0' has no destination
WARN  (PA1001) : Dangling net 'DO_1[27]'(source:'mem_mem_0_2_s') in module 'bsram_pingpong_0' has no destination
WARN  (PA1001) : Dangling net 'DO_1[28]'(source:'mem_mem_0_2_s') in module 'bsram_pingpong_0' has no destination
WARN  (PA1001) : Dangling net 'DO_1[29]'(source:'mem_mem_0_2_s') in module 'bsram_pingpong_0' has no destination
WARN  (PA1001) : Dangling net 'DO_1[30]'(source:'mem_mem_0_2_s') in module 'bsram_pingpong_0' has no destination
WARN  (PA1001) : Dangling net 'DO_1[31]'(source:'mem_mem_0_2_s') in module 'bsram_pingpong_0' has no destination
WARN  (PA1001) : Dangling net 'DO_2[16]'(source:'mem_mem_0_3_s') in module 'bsram_pingpong_0' has no destination
WARN  (PA1001) : Dangling net 'DO_2[17]'(source:'mem_mem_0_3_s') in module 'bsram_pingpong_0' has no destination
WARN  (PA1001) : Dangling net 'DO_2[18]'(source:'mem_mem_0_3_s') in module 'bsram_pingpong_0' has no destination
WARN  (PA1001) : Dangling net 'DO_2[19]'(source:'mem_mem_0_3_s') in module 'bsram_pingpong_0' has no destination
WARN  (PA1001) : Dangling net 'DO_2[20]'(source:'mem_mem_0_3_s') in module 'bsram_pingpong_0' has no destination
WARN  (PA1001) : Dangling net 'DO_2[21]'(source:'mem_mem_0_3_s') in module 'bsram_pingpong_0' has no destination
WARN  (PA1001) : Dangling net 'DO_2[22]'(source:'mem_mem_0_3_s') in module 'bsram_pingpong_0' has no destination
WARN  (PA1001) : Dangling net 'DO_2[23]'(source:'mem_mem_0_3_s') in module 'bsram_pingpong_0' has no destination
WARN  (PA1001) : Dangling net 'DO_2[24]'(source:'mem_mem_0_3_s') in module 'bsram_pingpong_0' has no destination
WARN  (PA1001) : Dangling net 'DO_2[25]'(source:'mem_mem_0_3_s') in module 'bsram_pingpong_0' has no destination
WARN  (PA1001) : Dangling net 'DO_2[26]'(source:'mem_mem_0_3_s') in module 'bsram_pingpong_0' has no destination
WARN  (PA1001) : Dangling net 'DO_2[27]'(source:'mem_mem_0_3_s') in module 'bsram_pingpong_0' has no destination
WARN  (PA1001) : Dangling net 'DO_2[28]'(source:'mem_mem_0_3_s') in module 'bsram_pingpong_0' has no destination
WARN  (PA1001) : Dangling net 'DO_2[29]'(source:'mem_mem_0_3_s') in module 'bsram_pingpong_0' has no destination
WARN  (PA1001) : Dangling net 'DO_2[30]'(source:'mem_mem_0_3_s') in module 'bsram_pingpong_0' has no destination
WARN  (PA1001) : Dangling net 'DO_2[31]'(source:'mem_mem_0_3_s') in module 'bsram_pingpong_0' has no destination
WARN  (PA1001) : Dangling net 'n85_19_SUM'(source:'n85_s18') in module 'activation_feeder' has no destination
WARN  (PA1001) : Dangling net 'n85_20_SUM'(source:'n85_s19') in module 'activation_feeder' has no destination
WARN  (PA1001) : Dangling net 'n85_21_SUM'(source:'n85_s20') in module 'activation_feeder' has no destination
WARN  (PA1001) : Dangling net 'n85_22_SUM'(source:'n85_s21') in module 'activation_feeder' has no destination
WARN  (PA1001) : Dangling net 'n85_23_SUM'(source:'n85_s22') in module 'activation_feeder' has no destination
WARN  (PA1001) : Dangling net 'n85_24_SUM'(source:'n85_s23') in module 'activation_feeder' has no destination
WARN  (PA1001) : Dangling net 'n85_25_SUM'(source:'n85_s24') in module 'activation_feeder' has no destination
WARN  (PA1001) : Dangling net 'n85_26_SUM'(source:'n85_s25') in module 'activation_feeder' has no destination
WARN  (PA1001) : Dangling net 'n85_19_SUM'(source:'n85_s18') in module 'weight_loader' has no destination
WARN  (PA1001) : Dangling net 'n85_20_SUM'(source:'n85_s19') in module 'weight_loader' has no destination
WARN  (PA1001) : Dangling net 'n85_21_SUM'(source:'n85_s20') in module 'weight_loader' has no destination
WARN  (PA1001) : Dangling net 'n85_22_SUM'(source:'n85_s21') in module 'weight_loader' has no destination
WARN  (PA1001) : Dangling net 'n85_23_SUM'(source:'n85_s22') in module 'weight_loader' has no destination
WARN  (PA1001) : Dangling net 'n85_24_SUM'(source:'n85_s23') in module 'weight_loader' has no destination
WARN  (PA1001) : Dangling net 'n85_25_SUM'(source:'n85_s24') in module 'weight_loader' has no destination
WARN  (PA1001) : Dangling net 'n85_26_SUM'(source:'n85_s25') in module 'weight_loader' has no destination
WARN  (PA1001) : Dangling net 'DOUT[16]'(source:'n42_s1') in module 'int8_mac_dsp' has no destination
WARN  (PA1001) : Dangling net 'DOUT[17]'(source:'n42_s1') in module 'int8_mac_dsp' has no destination
WARN  (PA1001) : Dangling net 'DOUT[16]'(source:'n42_s1') in module 'int8_mac_dsp_0' has no destination
WARN  (PA1001) : Dangling net 'DOUT[17]'(source:'n42_s1') in module 'int8_mac_dsp_0' has no destination
WARN  (PA1001) : Dangling net 'DOUT[16]'(source:'n42_s1') in module 'int8_mac_dsp_1' has no destination
WARN  (PA1001) : Dangling net 'DOUT[17]'(source:'n42_s1') in module 'int8_mac_dsp_1' has no destination
WARN  (PA1001) : Dangling net 'DOUT[16]'(source:'n42_s1') in module 'int8_mac_dsp_2' has no destination
WARN  (PA1001) : Dangling net 'DOUT[17]'(source:'n42_s1') in module 'int8_mac_dsp_2' has no destination
WARN  (PA1001) : Dangling net 'DOUT[16]'(source:'n42_s1') in module 'int8_mac_dsp_3' has no destination
WARN  (PA1001) : Dangling net 'DOUT[17]'(source:'n42_s1') in module 'int8_mac_dsp_3' has no destination
WARN  (PA1001) : Dangling net 'DOUT[16]'(source:'n42_s1') in module 'int8_mac_dsp_4' has no destination
WARN  (PA1001) : Dangling net 'DOUT[17]'(source:'n42_s1') in module 'int8_mac_dsp_4' has no destination
WARN  (PA1001) : Dangling net 'DOUT[16]'(source:'n42_s1') in module 'int8_mac_dsp_5' has no destination
WARN  (PA1001) : Dangling net 'DOUT[17]'(source:'n42_s1') in module 'int8_mac_dsp_5' has no destination
WARN  (PA1001) : Dangling net 'SOA[0]'(source:'n42_s1') in module 'int8_mac_dsp_6' has no destination
WARN  (PA1001) : Dangling net 'SOA[1]'(source:'n42_s1') in module 'int8_mac_dsp_6' has no destination
WARN  (PA1001) : Dangling net 'SOA[2]'(source:'n42_s1') in module 'int8_mac_dsp_6' has no destination
WARN  (PA1001) : Dangling net 'SOA[3]'(source:'n42_s1') in module 'int8_mac_dsp_6' has no destination
WARN  (PA1001) : Dangling net 'SOA[4]'(source:'n42_s1') in module 'int8_mac_dsp_6' has no destination
WARN  (PA1001) : Dangling net 'SOA[5]'(source:'n42_s1') in module 'int8_mac_dsp_6' has no destination
WARN  (PA1001) : Dangling net 'SOA[6]'(source:'n42_s1') in module 'int8_mac_dsp_6' has no destination
WARN  (PA1001) : Dangling net 'SOA[7]'(source:'n42_s1') in module 'int8_mac_dsp_6' has no destination
WARN  (PA1001) : Dangling net 'SOA[8]'(source:'n42_s1') in module 'int8_mac_dsp_6' has no destination
WARN  (PA1001) : Dangling net 'DOUT[16]'(source:'n42_s1') in module 'int8_mac_dsp_6' has no destination
WARN  (PA1001) : Dangling net 'DOUT[17]'(source:'n42_s1') in module 'int8_mac_dsp_6' has no destination
WARN  (PA1001) : Dangling net 'DOUT[16]'(source:'n42_s1') in module 'int8_mac_dsp_7' has no destination
WARN  (PA1001) : Dangling net 'DOUT[17]'(source:'n42_s1') in module 'int8_mac_dsp_7' has no destination
WARN  (PA1001) : Dangling net 'DOUT[16]'(source:'n42_s1') in module 'int8_mac_dsp_8' has no destination
WARN  (PA1001) : Dangling net 'DOUT[17]'(source:'n42_s1') in module 'int8_mac_dsp_8' has no destination
WARN  (PA1001) : Dangling net 'DOUT[16]'(source:'n42_s1') in module 'int8_mac_dsp_9' has no destination
WARN  (PA1001) : Dangling net 'DOUT[17]'(source:'n42_s1') in module 'int8_mac_dsp_9' has no destination
WARN  (PA1001) : Dangling net 'DOUT[16]'(source:'n42_s1') in module 'int8_mac_dsp_10' has no destination
WARN  (PA1001) : Dangling net 'DOUT[17]'(source:'n42_s1') in module 'int8_mac_dsp_10' has no destination
WARN  (PA1001) : Dangling net 'DOUT[16]'(source:'n42_s1') in module 'int8_mac_dsp_11' has no destination
WARN  (PA1001) : Dangling net 'DOUT[17]'(source:'n42_s1') in module 'int8_mac_dsp_11' has no destination
WARN  (PA1001) : Dangling net 'DOUT[16]'(source:'n42_s1') in module 'int8_mac_dsp_12' has no destination
WARN  (PA1001) : Dangling net 'DOUT[17]'(source:'n42_s1') in module 'int8_mac_dsp_12' has no destination
WARN  (PA1001) : Dangling net 'DOUT[16]'(source:'n42_s1') in module 'int8_mac_dsp_13' has no destination
WARN  (PA1001) : Dangling net 'DOUT[17]'(source:'n42_s1') in module 'int8_mac_dsp_13' has no destination
WARN  (PA1001) : Dangling net 'SOA[0]'(source:'n42_s1') in module 'int8_mac_dsp_14' has no destination
WARN  (PA1001) : Dangling net 'SOA[1]'(source:'n42_s1') in module 'int8_mac_dsp_14' has no destination
WARN  (PA1001) : Dangling net 'SOA[2]'(source:'n42_s1') in module 'int8_mac_dsp_14' has no destination
WARN  (PA1001) : Dangling net 'SOA[3]'(source:'n42_s1') in module 'int8_mac_dsp_14' has no destination
WARN  (PA1001) : Dangling net 'SOA[4]'(source:'n42_s1') in module 'int8_mac_dsp_14' has no destination
WARN  (PA1001) : Dangling net 'SOA[5]'(source:'n42_s1') in module 'int8_mac_dsp_14' has no destination
WARN  (PA1001) : Dangling net 'SOA[6]'(source:'n42_s1') in module 'int8_mac_dsp_14' has no destination
WARN  (PA1001) : Dangling net 'SOA[7]'(source:'n42_s1') in module 'int8_mac_dsp_14' has no destination
WARN  (PA1001) : Dangling net 'SOA[8]'(source:'n42_s1') in module 'int8_mac_dsp_14' has no destination
WARN  (PA1001) : Dangling net 'DOUT[16]'(source:'n42_s1') in module 'int8_mac_dsp_14' has no destination
WARN  (PA1001) : Dangling net 'DOUT[17]'(source:'n42_s1') in module 'int8_mac_dsp_14' has no destination
WARN  (PA1001) : Dangling net 'DOUT[16]'(source:'n42_s1') in module 'int8_mac_dsp_15' has no destination
WARN  (PA1001) : Dangling net 'DOUT[17]'(source:'n42_s1') in module 'int8_mac_dsp_15' has no destination
WARN  (PA1001) : Dangling net 'DOUT[16]'(source:'n42_s1') in module 'int8_mac_dsp_16' has no destination
WARN  (PA1001) : Dangling net 'DOUT[17]'(source:'n42_s1') in module 'int8_mac_dsp_16' has no destination
WARN  (PA1001) : Dangling net 'DOUT[16]'(source:'n42_s1') in module 'int8_mac_dsp_17' has no destination
WARN  (PA1001) : Dangling net 'DOUT[17]'(source:'n42_s1') in module 'int8_mac_dsp_17' has no destination
WARN  (PA1001) : Dangling net 'DOUT[16]'(source:'n42_s1') in module 'int8_mac_dsp_18' has no destination
WARN  (PA1001) : Dangling net 'DOUT[17]'(source:'n42_s1') in module 'int8_mac_dsp_18' has no destination
WARN  (PA1001) : Dangling net 'DOUT[16]'(source:'n42_s1') in module 'int8_mac_dsp_19' has no destination
WARN  (PA1001) : Dangling net 'DOUT[17]'(source:'n42_s1') in module 'int8_mac_dsp_19' has no destination
WARN  (PA1001) : Dangling net 'DOUT[16]'(source:'n42_s1') in module 'int8_mac_dsp_20' has no destination
WARN  (PA1001) : Dangling net 'DOUT[17]'(source:'n42_s1') in module 'int8_mac_dsp_20' has no destination
WARN  (PA1001) : Dangling net 'DOUT[16]'(source:'n42_s1') in module 'int8_mac_dsp_21' has no destination
WARN  (PA1001) : Dangling net 'DOUT[17]'(source:'n42_s1') in module 'int8_mac_dsp_21' has no destination
WARN  (PA1001) : Dangling net 'SOA[0]'(source:'n42_s1') in module 'int8_mac_dsp_22' has no destination
WARN  (PA1001) : Dangling net 'SOA[1]'(source:'n42_s1') in module 'int8_mac_dsp_22' has no destination
WARN  (PA1001) : Dangling net 'SOA[2]'(source:'n42_s1') in module 'int8_mac_dsp_22' has no destination
WARN  (PA1001) : Dangling net 'SOA[3]'(source:'n42_s1') in module 'int8_mac_dsp_22' has no destination
WARN  (PA1001) : Dangling net 'SOA[4]'(source:'n42_s1') in module 'int8_mac_dsp_22' has no destination
WARN  (PA1001) : Dangling net 'SOA[5]'(source:'n42_s1') in module 'int8_mac_dsp_22' has no destination
WARN  (PA1001) : Dangling net 'SOA[6]'(source:'n42_s1') in module 'int8_mac_dsp_22' has no destination
WARN  (PA1001) : Dangling net 'SOA[7]'(source:'n42_s1') in module 'int8_mac_dsp_22' has no destination
WARN  (PA1001) : Dangling net 'SOA[8]'(source:'n42_s1') in module 'int8_mac_dsp_22' has no destination
WARN  (PA1001) : Dangling net 'DOUT[16]'(source:'n42_s1') in module 'int8_mac_dsp_22' has no destination
WARN  (PA1001) : Dangling net 'DOUT[17]'(source:'n42_s1') in module 'int8_mac_dsp_22' has no destination
WARN  (PA1001) : Dangling net 'DOUT[16]'(source:'n42_s1') in module 'int8_mac_dsp_23' has no destination
WARN  (PA1001) : Dangling net 'DOUT[17]'(source:'n42_s1') in module 'int8_mac_dsp_23' has no destination
WARN  (PA1001) : Dangling net 'DOUT[16]'(source:'n42_s1') in module 'int8_mac_dsp_24' has no destination
WARN  (PA1001) : Dangling net 'DOUT[17]'(source:'n42_s1') in module 'int8_mac_dsp_24' has no destination
WARN  (PA1001) : Dangling net 'DOUT[16]'(source:'n42_s1') in module 'int8_mac_dsp_25' has no destination
WARN  (PA1001) : Dangling net 'DOUT[17]'(source:'n42_s1') in module 'int8_mac_dsp_25' has no destination
WARN  (PA1001) : Dangling net 'DOUT[16]'(source:'n42_s1') in module 'int8_mac_dsp_26' has no destination
WARN  (PA1001) : Dangling net 'DOUT[17]'(source:'n42_s1') in module 'int8_mac_dsp_26' has no destination
WARN  (PA1001) : Dangling net 'DOUT[16]'(source:'n42_s1') in module 'int8_mac_dsp_27' has no destination
WARN  (PA1001) : Dangling net 'DOUT[17]'(source:'n42_s1') in module 'int8_mac_dsp_27' has no destination
WARN  (PA1001) : Dangling net 'DOUT[16]'(source:'n42_s1') in module 'int8_mac_dsp_28' has no destination
WARN  (PA1001) : Dangling net 'DOUT[17]'(source:'n42_s1') in module 'int8_mac_dsp_28' has no destination
WARN  (PA1001) : Dangling net 'DOUT[16]'(source:'n42_s1') in module 'int8_mac_dsp_29' has no destination
WARN  (PA1001) : Dangling net 'DOUT[17]'(source:'n42_s1') in module 'int8_mac_dsp_29' has no destination
WARN  (PA1001) : Dangling net 'SOA[0]'(source:'n42_s1') in module 'int8_mac_dsp_30' has no destination
WARN  (PA1001) : Dangling net 'SOA[1]'(source:'n42_s1') in module 'int8_mac_dsp_30' has no destination
WARN  (PA1001) : Dangling net 'SOA[2]'(source:'n42_s1') in module 'int8_mac_dsp_30' has no destination
WARN  (PA1001) : Dangling net 'SOA[3]'(source:'n42_s1') in module 'int8_mac_dsp_30' has no destination
WARN  (PA1001) : Dangling net 'SOA[4]'(source:'n42_s1') in module 'int8_mac_dsp_30' has no destination
WARN  (PA1001) : Dangling net 'SOA[5]'(source:'n42_s1') in module 'int8_mac_dsp_30' has no destination
WARN  (PA1001) : Dangling net 'SOA[6]'(source:'n42_s1') in module 'int8_mac_dsp_30' has no destination
WARN  (PA1001) : Dangling net 'SOA[7]'(source:'n42_s1') in module 'int8_mac_dsp_30' has no destination
WARN  (PA1001) : Dangling net 'SOA[8]'(source:'n42_s1') in module 'int8_mac_dsp_30' has no destination
WARN  (PA1001) : Dangling net 'DOUT[16]'(source:'n42_s1') in module 'int8_mac_dsp_30' has no destination
WARN  (PA1001) : Dangling net 'DOUT[17]'(source:'n42_s1') in module 'int8_mac_dsp_30' has no destination
WARN  (PA1001) : Dangling net 'DOUT[16]'(source:'n42_s1') in module 'int8_mac_dsp_31' has no destination
WARN  (PA1001) : Dangling net 'DOUT[17]'(source:'n42_s1') in module 'int8_mac_dsp_31' has no destination
WARN  (PA1001) : Dangling net 'DOUT[16]'(source:'n42_s1') in module 'int8_mac_dsp_32' has no destination
WARN  (PA1001) : Dangling net 'DOUT[17]'(source:'n42_s1') in module 'int8_mac_dsp_32' has no destination
WARN  (PA1001) : Dangling net 'DOUT[16]'(source:'n42_s1') in module 'int8_mac_dsp_33' has no destination
WARN  (PA1001) : Dangling net 'DOUT[17]'(source:'n42_s1') in module 'int8_mac_dsp_33' has no destination
WARN  (PA1001) : Dangling net 'DOUT[16]'(source:'n42_s1') in module 'int8_mac_dsp_34' has no destination
WARN  (PA1001) : Dangling net 'DOUT[17]'(source:'n42_s1') in module 'int8_mac_dsp_34' has no destination
WARN  (PA1001) : Dangling net 'DOUT[16]'(source:'n42_s1') in module 'int8_mac_dsp_35' has no destination
WARN  (PA1001) : Dangling net 'DOUT[17]'(source:'n42_s1') in module 'int8_mac_dsp_35' has no destination
WARN  (PA1001) : Dangling net 'DOUT[16]'(source:'n42_s1') in module 'int8_mac_dsp_36' has no destination
WARN  (PA1001) : Dangling net 'DOUT[17]'(source:'n42_s1') in module 'int8_mac_dsp_36' has no destination
WARN  (PA1001) : Dangling net 'DOUT[16]'(source:'n42_s1') in module 'int8_mac_dsp_37' has no destination
WARN  (PA1001) : Dangling net 'DOUT[17]'(source:'n42_s1') in module 'int8_mac_dsp_37' has no destination
WARN  (PA1001) : Dangling net 'SOA[0]'(source:'n42_s1') in module 'int8_mac_dsp_38' has no destination
WARN  (PA1001) : Dangling net 'SOA[1]'(source:'n42_s1') in module 'int8_mac_dsp_38' has no destination
WARN  (PA1001) : Dangling net 'SOA[2]'(source:'n42_s1') in module 'int8_mac_dsp_38' has no destination
WARN  (PA1001) : Dangling net 'SOA[3]'(source:'n42_s1') in module 'int8_mac_dsp_38' has no destination
WARN  (PA1001) : Dangling net 'SOA[4]'(source:'n42_s1') in module 'int8_mac_dsp_38' has no destination
WARN  (PA1001) : Dangling net 'SOA[5]'(source:'n42_s1') in module 'int8_mac_dsp_38' has no destination
WARN  (PA1001) : Dangling net 'SOA[6]'(source:'n42_s1') in module 'int8_mac_dsp_38' has no destination
WARN  (PA1001) : Dangling net 'SOA[7]'(source:'n42_s1') in module 'int8_mac_dsp_38' has no destination
WARN  (PA1001) : Dangling net 'SOA[8]'(source:'n42_s1') in module 'int8_mac_dsp_38' has no destination
WARN  (PA1001) : Dangling net 'DOUT[16]'(source:'n42_s1') in module 'int8_mac_dsp_38' has no destination
WARN  (PA1001) : Dangling net 'DOUT[17]'(source:'n42_s1') in module 'int8_mac_dsp_38' has no destination
WARN  (PA1001) : Dangling net 'DOUT[16]'(source:'n42_s1') in module 'int8_mac_dsp_39' has no destination
WARN  (PA1001) : Dangling net 'DOUT[17]'(source:'n42_s1') in module 'int8_mac_dsp_39' has no destination
WARN  (PA1001) : Dangling net 'DOUT[16]'(source:'n42_s1') in module 'int8_mac_dsp_40' has no destination
WARN  (PA1001) : Dangling net 'DOUT[17]'(source:'n42_s1') in module 'int8_mac_dsp_40' has no destination
WARN  (PA1001) : Dangling net 'DOUT[16]'(source:'n42_s1') in module 'int8_mac_dsp_41' has no destination
WARN  (PA1001) : Dangling net 'DOUT[17]'(source:'n42_s1') in module 'int8_mac_dsp_41' has no destination
WARN  (PA1001) : Dangling net 'DOUT[16]'(source:'n42_s1') in module 'int8_mac_dsp_42' has no destination
WARN  (PA1001) : Dangling net 'DOUT[17]'(source:'n42_s1') in module 'int8_mac_dsp_42' has no destination
WARN  (PA1001) : Dangling net 'DOUT[16]'(source:'n42_s1') in module 'int8_mac_dsp_43' has no destination
WARN  (PA1001) : Dangling net 'DOUT[17]'(source:'n42_s1') in module 'int8_mac_dsp_43' has no destination
WARN  (PA1001) : Dangling net 'DOUT[16]'(source:'n42_s1') in module 'int8_mac_dsp_44' has no destination
WARN  (PA1001) : Dangling net 'DOUT[17]'(source:'n42_s1') in module 'int8_mac_dsp_44' has no destination
WARN  (PA1001) : Dangling net 'DOUT[16]'(source:'n42_s1') in module 'int8_mac_dsp_45' has no destination
WARN  (PA1001) : Dangling net 'DOUT[17]'(source:'n42_s1') in module 'int8_mac_dsp_45' has no destination
WARN  (PA1001) : Dangling net 'SOA[0]'(source:'n42_s1') in module 'int8_mac_dsp_46' has no destination
WARN  (PA1001) : Dangling net 'SOA[1]'(source:'n42_s1') in module 'int8_mac_dsp_46' has no destination
WARN  (PA1001) : Dangling net 'SOA[2]'(source:'n42_s1') in module 'int8_mac_dsp_46' has no destination
WARN  (PA1001) : Dangling net 'SOA[3]'(source:'n42_s1') in module 'int8_mac_dsp_46' has no destination
WARN  (PA1001) : Dangling net 'SOA[4]'(source:'n42_s1') in module 'int8_mac_dsp_46' has no destination
WARN  (PA1001) : Dangling net 'SOA[5]'(source:'n42_s1') in module 'int8_mac_dsp_46' has no destination
WARN  (PA1001) : Dangling net 'SOA[6]'(source:'n42_s1') in module 'int8_mac_dsp_46' has no destination
WARN  (PA1001) : Dangling net 'SOA[7]'(source:'n42_s1') in module 'int8_mac_dsp_46' has no destination
WARN  (PA1001) : Dangling net 'SOA[8]'(source:'n42_s1') in module 'int8_mac_dsp_46' has no destination
WARN  (PA1001) : Dangling net 'DOUT[16]'(source:'n42_s1') in module 'int8_mac_dsp_46' has no destination
WARN  (PA1001) : Dangling net 'DOUT[17]'(source:'n42_s1') in module 'int8_mac_dsp_46' has no destination
WARN  (PA1001) : Dangling net 'DOUT[16]'(source:'n42_s1') in module 'int8_mac_dsp_47' has no destination
WARN  (PA1001) : Dangling net 'DOUT[17]'(source:'n42_s1') in module 'int8_mac_dsp_47' has no destination
WARN  (PA1001) : Dangling net 'DOUT[16]'(source:'n42_s1') in module 'int8_mac_dsp_48' has no destination
WARN  (PA1001) : Dangling net 'DOUT[17]'(source:'n42_s1') in module 'int8_mac_dsp_48' has no destination
WARN  (PA1001) : Dangling net 'DOUT[16]'(source:'n42_s1') in module 'int8_mac_dsp_49' has no destination
WARN  (PA1001) : Dangling net 'DOUT[17]'(source:'n42_s1') in module 'int8_mac_dsp_49' has no destination
WARN  (PA1001) : Dangling net 'DOUT[16]'(source:'n42_s1') in module 'int8_mac_dsp_50' has no destination
WARN  (PA1001) : Dangling net 'DOUT[17]'(source:'n42_s1') in module 'int8_mac_dsp_50' has no destination
WARN  (PA1001) : Dangling net 'DOUT[16]'(source:'n42_s1') in module 'int8_mac_dsp_51' has no destination
WARN  (PA1001) : Dangling net 'DOUT[17]'(source:'n42_s1') in module 'int8_mac_dsp_51' has no destination
WARN  (PA1001) : Dangling net 'DOUT[16]'(source:'n42_s1') in module 'int8_mac_dsp_52' has no destination
WARN  (PA1001) : Dangling net 'DOUT[17]'(source:'n42_s1') in module 'int8_mac_dsp_52' has no destination
WARN  (PA1001) : Dangling net 'DOUT[16]'(source:'n42_s1') in module 'int8_mac_dsp_53' has no destination
WARN  (PA1001) : Dangling net 'DOUT[17]'(source:'n42_s1') in module 'int8_mac_dsp_53' has no destination
WARN  (PA1001) : Dangling net 'SOA[0]'(source:'n42_s1') in module 'int8_mac_dsp_54' has no destination
WARN  (PA1001) : Dangling net 'SOA[1]'(source:'n42_s1') in module 'int8_mac_dsp_54' has no destination
WARN  (PA1001) : Dangling net 'SOA[2]'(source:'n42_s1') in module 'int8_mac_dsp_54' has no destination
WARN  (PA1001) : Dangling net 'SOA[3]'(source:'n42_s1') in module 'int8_mac_dsp_54' has no destination
WARN  (PA1001) : Dangling net 'SOA[4]'(source:'n42_s1') in module 'int8_mac_dsp_54' has no destination
WARN  (PA1001) : Dangling net 'SOA[5]'(source:'n42_s1') in module 'int8_mac_dsp_54' has no destination
WARN  (PA1001) : Dangling net 'SOA[6]'(source:'n42_s1') in module 'int8_mac_dsp_54' has no destination
WARN  (PA1001) : Dangling net 'SOA[7]'(source:'n42_s1') in module 'int8_mac_dsp_54' has no destination
WARN  (PA1001) : Dangling net 'SOA[8]'(source:'n42_s1') in module 'int8_mac_dsp_54' has no destination
WARN  (PA1001) : Dangling net 'DOUT[16]'(source:'n42_s1') in module 'int8_mac_dsp_54' has no destination
WARN  (PA1001) : Dangling net 'DOUT[17]'(source:'n42_s1') in module 'int8_mac_dsp_54' has no destination
WARN  (PA1001) : Dangling net 'SOB[0]'(source:'n42_s1') in module 'int8_mac_dsp_55' has no destination
WARN  (PA1001) : Dangling net 'SOB[1]'(source:'n42_s1') in module 'int8_mac_dsp_55' has no destination
WARN  (PA1001) : Dangling net 'SOB[2]'(source:'n42_s1') in module 'int8_mac_dsp_55' has no destination
WARN  (PA1001) : Dangling net 'SOB[3]'(source:'n42_s1') in module 'int8_mac_dsp_55' has no destination
WARN  (PA1001) : Dangling net 'SOB[4]'(source:'n42_s1') in module 'int8_mac_dsp_55' has no destination
WARN  (PA1001) : Dangling net 'SOB[5]'(source:'n42_s1') in module 'int8_mac_dsp_55' has no destination
WARN  (PA1001) : Dangling net 'SOB[6]'(source:'n42_s1') in module 'int8_mac_dsp_55' has no destination
WARN  (PA1001) : Dangling net 'SOB[7]'(source:'n42_s1') in module 'int8_mac_dsp_55' has no destination
WARN  (PA1001) : Dangling net 'SOB[8]'(source:'n42_s1') in module 'int8_mac_dsp_55' has no destination
WARN  (PA1001) : Dangling net 'DOUT[16]'(source:'n42_s1') in module 'int8_mac_dsp_55' has no destination
WARN  (PA1001) : Dangling net 'DOUT[17]'(source:'n42_s1') in module 'int8_mac_dsp_55' has no destination
WARN  (PA1001) : Dangling net 'SOB[0]'(source:'n42_s1') in module 'int8_mac_dsp_56' has no destination
WARN  (PA1001) : Dangling net 'SOB[1]'(source:'n42_s1') in module 'int8_mac_dsp_56' has no destination
WARN  (PA1001) : Dangling net 'SOB[2]'(source:'n42_s1') in module 'int8_mac_dsp_56' has no destination
WARN  (PA1001) : Dangling net 'SOB[3]'(source:'n42_s1') in module 'int8_mac_dsp_56' has no destination
WARN  (PA1001) : Dangling net 'SOB[4]'(source:'n42_s1') in module 'int8_mac_dsp_56' has no destination
WARN  (PA1001) : Dangling net 'SOB[5]'(source:'n42_s1') in module 'int8_mac_dsp_56' has no destination
WARN  (PA1001) : Dangling net 'SOB[6]'(source:'n42_s1') in module 'int8_mac_dsp_56' has no destination
WARN  (PA1001) : Dangling net 'SOB[7]'(source:'n42_s1') in module 'int8_mac_dsp_56' has no destination
WARN  (PA1001) : Dangling net 'SOB[8]'(source:'n42_s1') in module 'int8_mac_dsp_56' has no destination
WARN  (PA1001) : Dangling net 'DOUT[16]'(source:'n42_s1') in module 'int8_mac_dsp_56' has no destination
WARN  (PA1001) : Dangling net 'DOUT[17]'(source:'n42_s1') in module 'int8_mac_dsp_56' has no destination
WARN  (PA1001) : Dangling net 'SOB[0]'(source:'n42_s1') in module 'int8_mac_dsp_57' has no destination
WARN  (PA1001) : Dangling net 'SOB[1]'(source:'n42_s1') in module 'int8_mac_dsp_57' has no destination
WARN  (PA1001) : Dangling net 'SOB[2]'(source:'n42_s1') in module 'int8_mac_dsp_57' has no destination
WARN  (PA1001) : Dangling net 'SOB[3]'(source:'n42_s1') in module 'int8_mac_dsp_57' has no destination
WARN  (PA1001) : Dangling net 'SOB[4]'(source:'n42_s1') in module 'int8_mac_dsp_57' has no destination
WARN  (PA1001) : Dangling net 'SOB[5]'(source:'n42_s1') in module 'int8_mac_dsp_57' has no destination
WARN  (PA1001) : Dangling net 'SOB[6]'(source:'n42_s1') in module 'int8_mac_dsp_57' has no destination
WARN  (PA1001) : Dangling net 'SOB[7]'(source:'n42_s1') in module 'int8_mac_dsp_57' has no destination
WARN  (PA1001) : Dangling net 'SOB[8]'(source:'n42_s1') in module 'int8_mac_dsp_57' has no destination
WARN  (PA1001) : Dangling net 'DOUT[16]'(source:'n42_s1') in module 'int8_mac_dsp_57' has no destination
WARN  (PA1001) : Dangling net 'DOUT[17]'(source:'n42_s1') in module 'int8_mac_dsp_57' has no destination
WARN  (PA1001) : Dangling net 'SOB[0]'(source:'n42_s1') in module 'int8_mac_dsp_58' has no destination
WARN  (PA1001) : Dangling net 'SOB[1]'(source:'n42_s1') in module 'int8_mac_dsp_58' has no destination
WARN  (PA1001) : Dangling net 'SOB[2]'(source:'n42_s1') in module 'int8_mac_dsp_58' has no destination
WARN  (PA1001) : Dangling net 'SOB[3]'(source:'n42_s1') in module 'int8_mac_dsp_58' has no destination
WARN  (PA1001) : Dangling net 'SOB[4]'(source:'n42_s1') in module 'int8_mac_dsp_58' has no destination
WARN  (PA1001) : Dangling net 'SOB[5]'(source:'n42_s1') in module 'int8_mac_dsp_58' has no destination
WARN  (PA1001) : Dangling net 'SOB[6]'(source:'n42_s1') in module 'int8_mac_dsp_58' has no destination
WARN  (PA1001) : Dangling net 'SOB[7]'(source:'n42_s1') in module 'int8_mac_dsp_58' has no destination
WARN  (PA1001) : Dangling net 'SOB[8]'(source:'n42_s1') in module 'int8_mac_dsp_58' has no destination
WARN  (PA1001) : Dangling net 'DOUT[16]'(source:'n42_s1') in module 'int8_mac_dsp_58' has no destination
WARN  (PA1001) : Dangling net 'DOUT[17]'(source:'n42_s1') in module 'int8_mac_dsp_58' has no destination
WARN  (PA1001) : Dangling net 'SOB[0]'(source:'n42_s1') in module 'int8_mac_dsp_59' has no destination
WARN  (PA1001) : Dangling net 'SOB[1]'(source:'n42_s1') in module 'int8_mac_dsp_59' has no destination
WARN  (PA1001) : Dangling net 'SOB[2]'(source:'n42_s1') in module 'int8_mac_dsp_59' has no destination
WARN  (PA1001) : Dangling net 'SOB[3]'(source:'n42_s1') in module 'int8_mac_dsp_59' has no destination
WARN  (PA1001) : Dangling net 'SOB[4]'(source:'n42_s1') in module 'int8_mac_dsp_59' has no destination
WARN  (PA1001) : Dangling net 'SOB[5]'(source:'n42_s1') in module 'int8_mac_dsp_59' has no destination
WARN  (PA1001) : Dangling net 'SOB[6]'(source:'n42_s1') in module 'int8_mac_dsp_59' has no destination
WARN  (PA1001) : Dangling net 'SOB[7]'(source:'n42_s1') in module 'int8_mac_dsp_59' has no destination
WARN  (PA1001) : Dangling net 'SOB[8]'(source:'n42_s1') in module 'int8_mac_dsp_59' has no destination
WARN  (PA1001) : Dangling net 'DOUT[16]'(source:'n42_s1') in module 'int8_mac_dsp_59' has no destination
WARN  (PA1001) : Dangling net 'DOUT[17]'(source:'n42_s1') in module 'int8_mac_dsp_59' has no destination
WARN  (PA1001) : Dangling net 'SOB[0]'(source:'n42_s1') in module 'int8_mac_dsp_60' has no destination
WARN  (PA1001) : Dangling net 'SOB[1]'(source:'n42_s1') in module 'int8_mac_dsp_60' has no destination
WARN  (PA1001) : Dangling net 'SOB[2]'(source:'n42_s1') in module 'int8_mac_dsp_60' has no destination
WARN  (PA1001) : Dangling net 'SOB[3]'(source:'n42_s1') in module 'int8_mac_dsp_60' has no destination
WARN  (PA1001) : Dangling net 'SOB[4]'(source:'n42_s1') in module 'int8_mac_dsp_60' has no destination
WARN  (PA1001) : Dangling net 'SOB[5]'(source:'n42_s1') in module 'int8_mac_dsp_60' has no destination
WARN  (PA1001) : Dangling net 'SOB[6]'(source:'n42_s1') in module 'int8_mac_dsp_60' has no destination
WARN  (PA1001) : Dangling net 'SOB[7]'(source:'n42_s1') in module 'int8_mac_dsp_60' has no destination
WARN  (PA1001) : Dangling net 'SOB[8]'(source:'n42_s1') in module 'int8_mac_dsp_60' has no destination
WARN  (PA1001) : Dangling net 'DOUT[16]'(source:'n42_s1') in module 'int8_mac_dsp_60' has no destination
WARN  (PA1001) : Dangling net 'DOUT[17]'(source:'n42_s1') in module 'int8_mac_dsp_60' has no destination
WARN  (PA1001) : Dangling net 'SOB[0]'(source:'n42_s1') in module 'int8_mac_dsp_61' has no destination
WARN  (PA1001) : Dangling net 'SOB[1]'(source:'n42_s1') in module 'int8_mac_dsp_61' has no destination
WARN  (PA1001) : Dangling net 'SOB[2]'(source:'n42_s1') in module 'int8_mac_dsp_61' has no destination
WARN  (PA1001) : Dangling net 'SOB[3]'(source:'n42_s1') in module 'int8_mac_dsp_61' has no destination
WARN  (PA1001) : Dangling net 'SOB[4]'(source:'n42_s1') in module 'int8_mac_dsp_61' has no destination
WARN  (PA1001) : Dangling net 'SOB[5]'(source:'n42_s1') in module 'int8_mac_dsp_61' has no destination
WARN  (PA1001) : Dangling net 'SOB[6]'(source:'n42_s1') in module 'int8_mac_dsp_61' has no destination
WARN  (PA1001) : Dangling net 'SOB[7]'(source:'n42_s1') in module 'int8_mac_dsp_61' has no destination
WARN  (PA1001) : Dangling net 'SOB[8]'(source:'n42_s1') in module 'int8_mac_dsp_61' has no destination
WARN  (PA1001) : Dangling net 'DOUT[16]'(source:'n42_s1') in module 'int8_mac_dsp_61' has no destination
WARN  (PA1001) : Dangling net 'DOUT[17]'(source:'n42_s1') in module 'int8_mac_dsp_61' has no destination
WARN  (PA1001) : Dangling net 'SOA[0]'(source:'n42_s1') in module 'int8_mac_dsp_62' has no destination
WARN  (PA1001) : Dangling net 'SOA[1]'(source:'n42_s1') in module 'int8_mac_dsp_62' has no destination
WARN  (PA1001) : Dangling net 'SOA[2]'(source:'n42_s1') in module 'int8_mac_dsp_62' has no destination
WARN  (PA1001) : Dangling net 'SOA[3]'(source:'n42_s1') in module 'int8_mac_dsp_62' has no destination
WARN  (PA1001) : Dangling net 'SOA[4]'(source:'n42_s1') in module 'int8_mac_dsp_62' has no destination
WARN  (PA1001) : Dangling net 'SOA[5]'(source:'n42_s1') in module 'int8_mac_dsp_62' has no destination
WARN  (PA1001) : Dangling net 'SOA[6]'(source:'n42_s1') in module 'int8_mac_dsp_62' has no destination
WARN  (PA1001) : Dangling net 'SOA[7]'(source:'n42_s1') in module 'int8_mac_dsp_62' has no destination
WARN  (PA1001) : Dangling net 'SOA[8]'(source:'n42_s1') in module 'int8_mac_dsp_62' has no destination
WARN  (PA1001) : Dangling net 'SOB[0]'(source:'n42_s1') in module 'int8_mac_dsp_62' has no destination
WARN  (PA1001) : Dangling net 'SOB[1]'(source:'n42_s1') in module 'int8_mac_dsp_62' has no destination
WARN  (PA1001) : Dangling net 'SOB[2]'(source:'n42_s1') in module 'int8_mac_dsp_62' has no destination
WARN  (PA1001) : Dangling net 'SOB[3]'(source:'n42_s1') in module 'int8_mac_dsp_62' has no destination
WARN  (PA1001) : Dangling net 'SOB[4]'(source:'n42_s1') in module 'int8_mac_dsp_62' has no destination
WARN  (PA1001) : Dangling net 'SOB[5]'(source:'n42_s1') in module 'int8_mac_dsp_62' has no destination
WARN  (PA1001) : Dangling net 'SOB[6]'(source:'n42_s1') in module 'int8_mac_dsp_62' has no destination
WARN  (PA1001) : Dangling net 'SOB[7]'(source:'n42_s1') in module 'int8_mac_dsp_62' has no destination
WARN  (PA1001) : Dangling net 'SOB[8]'(source:'n42_s1') in module 'int8_mac_dsp_62' has no destination
WARN  (PA1001) : Dangling net 'DOUT[16]'(source:'n42_s1') in module 'int8_mac_dsp_62' has no destination
WARN  (PA1001) : Dangling net 'DOUT[17]'(source:'n42_s1') in module 'int8_mac_dsp_62' has no destination
Processing netlist completed
Running placement......
[10%] Placement Phase 0 completed
[20%] Placement Phase 1 completed
[30%] Placement Phase 2 completed
WARN  (TA1132) :  'clk' was determined to be a clock but was not created.
[50%] Placement Phase 3 completed
Running routing......
[60%] Routing Phase 0 completed
[70%] Routing Phase 1 completed
[80%] Routing Phase 2 completed
[90%] Routing Phase 3 completed
Running timing analysis......
[95%] Timing analysis completed
Placement and routing completed
Bitstream generation in progress......
Bitstream generation completed
Running power analysis......
[100%] Power analysis completed
Generate file "C:\Users\haris\Documents\EEC\Year_4\Sem_7\final-yr-project\development\AgentGateV_MAC_Engine_Project\impl\pnr\AGVME_Synthesis.power.html" completed
Generate file "C:\Users\haris\Documents\EEC\Year_4\Sem_7\final-yr-project\development\AgentGateV_MAC_Engine_Project\impl\pnr\AGVME_Synthesis.pin.html" completed
Generate file "C:\Users\haris\Documents\EEC\Year_4\Sem_7\final-yr-project\development\AgentGateV_MAC_Engine_Project\impl\pnr\AGVME_Synthesis.rpt.html" completed
Generate file "C:\Users\haris\Documents\EEC\Year_4\Sem_7\final-yr-project\development\AgentGateV_MAC_Engine_Project\impl\pnr\AGVME_Synthesis.rpt.txt" completed
Generate file "C:\Users\haris\Documents\EEC\Year_4\Sem_7\final-yr-project\development\AgentGateV_MAC_Engine_Project\impl\pnr\AGVME_Synthesis.tr.html" completed
Generate file "C:\Users\haris\Documents\EEC\Year_4\Sem_7\final-yr-project\development\AgentGateV_MAC_Engine_Project\impl\pnr\AGVME_Synthesis.tr" completed
Sat Sep 19 09:15:33 2026

